source,source_record_id,taxid,organism_taxid,taxonomy_lineage,acc_id,accession,processid,sampleid,organism_name,marker_key,marker_label,linked_to_ncbi,emitted_to_fasta,skip_reason,header
bold,BOLD-LINK,999,,Testus alpha,BOLD_BOLD-LINK,TEST0001.1,BOLD-LINK,S001,Testus alpha,12s,12S,true,false,linked_by_insdcacs,
bold,BOLD-KEEP,999,,Testus beta,BOLD_BOLD-KEEP,UNLINKED,BOLD-KEEP,S002,Testus beta,12s,12S,false,true,,BOLD_BOLD-KEEP|12s|
ncbi,TEST0001.1,999,,,TEST0001.1,TEST0001.1,,,Testus alpha other.,12s,12S,false,true,,TEST0001.1|12s|5-20
