{
  "after": 4,
  "before": 5,
  "best_round": 1,
  "canonical_orientation": 4,
  "confidence_high": 2,
  "confidence_low": 1,
  "confidence_medium": 2,
  "dropped_empty": 1,
  "high_conf_rate": 0.4,
  "phylo_target_confidence": "medium",
  "recheck_attempted": 0,
  "recheck_error": null,
  "recheck_rescued": 0,
  "recheck_tool": "off",
  "removed": 1,
  "retained_path": "<TMP>/primer.fasta.postprep.primer.retained.fasta",
  "reverse_orientation": 0,
  "rounds_run": 1,
  "sidecar_path": "<TMP>/primer.fasta.postprep.primer.tsv",
  "trimmed_both": 2,
  "trimmed_left_only": 1,
  "trimmed_right_only": 1,
  "untrimmed": 1
}
